// Jest Snapshot v1, https://goo.gl/fbAQLP

exports[`PaperStatementOfAccount should render 1`] = `
<DocumentFragment>
  <div
    class="d-none"
  >
    <div>
      <div
        class="sc-bdfBQB dxnWgn"
      >
        <div
          class="sc-bdfBQB dxnWgn"
        >
          <div
            class="text-center"
          >
            <h1
              class="brand"
            >
              Luminous
            </h1>
            <h4>
              STATEMENT OF ACCOUNT
            </h4>
          </div>
        </div>
        <div
          class="sc-bdfBQB dxnWgn pt-3"
        >
          <div
            class="sc-gsTEea bjzFuM"
          >
            <strong>
              Unit Number: 
            </strong>
            G-111
          </div>
          <div
            class="sc-gsTEea bjzFuM"
          >
            <strong>
              Unit owner: 
            </strong>
            John Doe
          </div>
          <small>
            <div
              class="sc-gsTEea bjzFuM"
            >
              <strong>
                Address: 
              </strong>
              Pasig City Philippines
            </div>
          </small>
          <small>
            <div
              class="sc-gsTEea bjzFuM"
            >
              <strong>
                Floor area: 
              </strong>
              33.1
            </div>
          </small>
          <hr />
        </div>
        <div
          class="sc-bdfBQB dxnWgn pt-3"
        >
          <div
            class="sc-gsTEea bjzFuM"
          >
            <strong>
              Billing Period: 
            </strong>
            SEP 2021
          </div>
          <hr />
          <table
            class="w-100"
          >
            <thead>
              <tr>
                <th>
                  Charge Description
                </th>
                <th>
                  Rate
                </th>
                <th
                  class="float-right"
                >
                  Amount
                </th>
              </tr>
            </thead>
            <tbody>
              <tr>
                <td>
                  DUES
                </td>
                <td>
                  50
                </td>
                <td
                  class="float-right"
                >
                  <strong>
                    <span
                      class="currency"
                    >
                      1,000
                    </span>
                  </strong>
                </td>
              </tr>
            </tbody>
          </table>
          <hr />
        </div>
        <div
          class="sc-bdfBQB dxnWgn"
        >
          <small>
            <div
              class="sc-gsTEea bjzFuM"
            >
              <strong
                class="text-muted"
              >
                Received Payments
              </strong>
            </div>
          </small>
          <div
            class="container"
          >
            <div
              class="row"
            >
              <div
                class="p-0 m-0 col"
              >
                <div>
                  <div
                    class="d-inline pr-2"
                  >
                    <span
                      class="text-muted pr-2"
                    >
                      OR#
                    </span>
                    1234-1234
                  </div>
                  <div
                    class="d-inline pr-2"
                  >
                    <span
                      class="text-muted pr-2"
                    >
                      received
                    </span>
                    cash
                  </div>
                  <div
                    class="d-inline pr-2"
                  >
                    <span
                      class="text-muted pr-2"
                    >
                      with an amount of
                    </span>
                    <span
                      class="currency"
                    >
                      500
                    </span>
                  </div>
                </div>
              </div>
            </div>
            <div
              class="row"
            >
              <div
                class="p-0 m-0 col"
              >
                <div>
                  <div
                    class="d-inline pr-2"
                  >
                    <span
                      class="text-muted pr-2"
                    >
                      OR#
                    </span>
                    1234-1234
                  </div>
                  <div
                    class="d-inline pr-2"
                  >
                    <span
                      class="text-muted pr-2"
                    >
                      received
                    </span>
                    check
                  </div>
                  <div
                    class="d-inline pr-2"
                  >
                    <span
                      class="text-muted pr-2"
                    >
                      with an amount of
                    </span>
                    <span
                      class="currency"
                    >
                      300
                    </span>
                  </div>
                  <div
                    class="text-muted"
                  >
                    <small
                      class="pr-3"
                    >
                      <span>
                        BDO
                      </span>
                    </small>
                    <small
                      class="pr-3"
                    >
                      <span>
                        111-111-000
                      </span>
                    </small>
                    <small>
                      <span>
                        2021-09-09
                      </span>
                    </small>
                  </div>
                </div>
              </div>
            </div>
          </div>
          <hr />
        </div>
        <div
          class="sc-bdfBQB dxnWgn pt-1"
        >
          <small>
            <div
              class="sc-gsTEea bjzFuM"
            >
              <strong
                class="text-muted"
              >
                Current Balance
              </strong>
              <strong
                class="float-right"
              >
                <span
                  class="currency"
                >
                  1,000
                </span>
              </strong>
            </div>
          </small>
          <small>
            <div
              class="sc-gsTEea bjzFuM"
            >
              <strong
                class="text-muted"
              >
                Previous Balance
              </strong>
              <strong
                class="float-right"
              >
                <span
                  class="currency"
                >
                  1,800
                </span>
              </strong>
            </div>
          </small>
          <small>
            <div
              class="sc-gsTEea bjzFuM"
            >
              <strong
                class="text-muted"
              >
                Less Payments
              </strong>
              <strong
                class="float-right"
              >
                <span
                  class="currency"
                >
                  800
                </span>
              </strong>
            </div>
          </small>
          <hr />
          <div
            class="sc-gsTEea bjzFuM"
          >
            <strong
              class="text-muted"
            >
              Total Amount Due
            </strong>
            <strong
              class="float-right"
            >
              <span
                class="currency"
              >
                2,000
              </span>
            </strong>
          </div>
        </div>
        <div
          class="sc-bdfBQB dxnWgn pt-3"
        >
          <hr />
          <div>
            <h1>
              SOA Notes
            </h1>
          </div>
        </div>
      </div>
    </div>
  </div>
</DocumentFragment>
`;
